
Pass Test Error
---- ---- -----
          


DONE - hppFailed= total=0
